// Jest Snapshot v1, https://goo.gl/fbAQLP

exports[`TableHeader should render correctly 1`] = `
Array [
  <th
    key="0"
>
    Name
</th>,
  <th
    key="1"
>
    Iso2 Code
</th>,
  <th
    key="2"
>
    Region
</th>,
  <th
    key="3"
>
    Capital City
</th>,
  <th
    key="4"
>
    Lending Type
</th>,
  <th
    key="5"
>
    Income Level
</th>,
]
`;
